bn_cifar10: 24 runs to do
[1/24] cifar10_mlpbn_sgd_lr0.3_bs128_s0.json reached 190s (elapsed 193s)
[2/24] cifar10_mlpbn_sgdm_lr0.03_bs128_s0.json reached 191s (elapsed 194s)
[3/24] cifar10_mlpbn_sgdm_lr0.01_bs128_s0.json reached 195s (elapsed 198s)
[4/24] cifar10_mlpbn_sgd_lr0.1_bs128_s0.json reached 197s (elapsed 200s)
[5/24] cifar10_mlpbn_adam_lr0.001_bs128_s0.json reached 198s (elapsed 201s)
[6/24] cifar10_mlpbn_adam_lr0.0003_bs128_s0.json reached 202s (elapsed 205s)
[7/24] cifar10_mlpbn_sgd_lr0.1_bs128_s1.json reached 235s (elapsed 432s)
[8/24] cifar10_mlpbn_sgdm_lr0.03_bs128_s0_wd0.0005.json reached 243s (elapsed 435s)
[9/24] cifar10_mlpbn_sgd_lr0.3_bs128_s1.json reached 236s (elapsed 436s)
[10/24] cifar10_mlpbn_sgdm_lr0.01_bs128_s1.json reached 239s (elapsed 440s)
[11/24] cifar10_mlpbn_adamw_lr0.001_bs128_s0_wd0.05.json reached 246s (elapsed 440s)
[12/24] cifar10_mlpbn_sgdm_lr0.03_bs128_s1.json reached 237s (elapsed 441s)
[13/24] cifar10_mlpbn_sgd_lr0.3_bs128_s2.json reached 246s (elapsed 687s)
[14/24] cifar10_mlpbn_sgd_lr0.1_bs128_s2.json reached 258s (elapsed 698s)
[15/24] cifar10_mlpbn_sgdm_lr0.03_bs128_s1_wd0.0005.json reached 263s (elapsed 699s)
[16/24] cifar10_mlpbn_adam_lr0.001_bs128_s1.json reached 265s (elapsed 701s)
[17/24] cifar10_mlpbn_adamw_lr0.001_bs128_s1_wd0.05.json reached 261s (elapsed 701s)
[18/24] cifar10_mlpbn_adam_lr0.0003_bs128_s1.json reached 273s (elapsed 705s)
[19/24] cifar10_mlpbn_sgdm_lr0.01_bs128_s2.json reached 255s (elapsed 942s)
[20/24] cifar10_mlpbn_sgdm_lr0.03_bs128_s2.json reached 259s (elapsed 958s)
[21/24] cifar10_mlpbn_adamw_lr0.001_bs128_s2_wd0.05.json reached 259s (elapsed 964s)
[22/24] cifar10_mlpbn_adam_lr0.001_bs128_s2.json reached 263s (elapsed 964s)
[23/24] cifar10_mlpbn_sgdm_lr0.03_bs128_s2_wd0.0005.json reached 264s (elapsed 965s)
[24/24] cifar10_mlpbn_adam_lr0.0003_bs128_s2.json reached 269s (elapsed 969s)
