calib_cifar10: 48 runs to do
[1/48] cifar10_mlp_sgd_lr0.03_bs32_s0.json reached 58s (elapsed 60s)
[2/48] cifar10_mlp_sgd_lr0.03_bs128_s0.json reached 68s (elapsed 70s)
[3/48] cifar10_mlp_sgd_lr0.01_bs32_s0.json reached 81s (elapsed 83s)
[4/48] cifar10_mlp_sgd_lr0.01_bs512_s0.json max_epochs 120s (elapsed 122s)
[5/48] cifar10_mlp_sgd_lr0.1_bs128_s0.json reached 44s (elapsed 127s)
[6/48] cifar10_mlp_sgd_lr0.01_bs128_s0.json max_epochs 149s (elapsed 151s)
[7/48] cifar10_mlp_sgd_lr0.03_bs512_s0.json max_epochs 122s (elapsed 182s)
[8/48] cifar10_mlp_sgd_lr0.1_bs512_s0.json reached 91s (elapsed 213s)
[9/48] cifar10_mlp_sgd_lr0.3_bs512_s0.json max_epochs 99s (elapsed 282s)
[10/48] cifar10_mlp_sgd_lr0.3_bs128_s0.json max_epochs 136s (elapsed 287s)
[11/48] cifar10_mlp_sgdm_lr0.001_bs32_s0.json reached 79s (elapsed 292s)
[12/48] cifar10_mlp_sgd_lr0.1_bs32_s0.json max_epochs 245s (elapsed 315s)
[13/48] cifar10_mlp_sgd_lr0.3_bs32_s0.json max_epochs 215s (elapsed 342s)
[14/48] cifar10_mlp_sgdm_lr0.003_bs32_s0.json reached 76s (elapsed 369s)
[15/48] cifar10_mlp_sgdm_lr0.003_bs128_s0.json reached 56s (elapsed 371s)
[16/48] cifar10_mlp_sgdm_lr0.001_bs512_s0.json max_epochs 106s (elapsed 394s)
[17/48] cifar10_mlp_sgdm_lr0.01_bs128_s0.json reached 46s (elapsed 417s)
[18/48] cifar10_mlp_sgdm_lr0.001_bs128_s0.json max_epochs 140s (elapsed 422s)
[19/48] cifar10_mlp_sgdm_lr0.01_bs512_s0.json reached 54s (elapsed 448s)
[20/48] cifar10_mlp_sgdm_lr0.003_bs512_s0.json max_epochs 110s (elapsed 452s)
[21/48] cifar10_mlp_sgdm_lr0.03_bs512_s0.json reached 39s (elapsed 487s)
[22/48] cifar10_mlp_sgdm_lr0.03_bs128_s0.json max_epochs 148s (elapsed 569s)
[23/48] cifar10_mlp_sgdm_lr0.01_bs32_s0.json max_epochs 261s (elapsed 629s)
[24/48] cifar10_mlp_adam_lr3e-05_bs128_s0.json max_epochs 150s (elapsed 637s)
[25/48] cifar10_mlp_adam_lr3e-05_bs512_s0.json max_epochs 106s (elapsed 675s)
[26/48] cifar10_mlp_sgdm_lr0.03_bs32_s0.json max_epochs 270s (elapsed 688s)
[27/48] cifar10_mlp_adam_lr0.0001_bs128_s0.json reached 128s (elapsed 765s)
[28/48] cifar10_mlp_adam_lr3e-05_bs32_s0.json max_epochs 327s (elapsed 779s)
[29/48] cifar10_mlp_adam_lr0.0001_bs512_s0.json max_epochs 111s (elapsed 786s)
[30/48] cifar10_mlp_adam_lr0.0003_bs32_s0.json reached 104s (elapsed 791s)
[31/48] cifar10_mlp_adam_lr0.0001_bs32_s0.json reached 163s (elapsed 793s)
[32/48] cifar10_mlp_adam_lr0.0003_bs128_s0.json reached 68s (elapsed 833s)
[33/48] cifar10_mlp_adam_lr0.001_bs512_s0.json reached 41s (elapsed 834s)
[34/48] cifar10_mlp_adam_lr0.001_bs128_s0.json reached 44s (elapsed 836s)
[35/48] cifar10_mlp_adam_lr0.0003_bs512_s0.json reached 91s (elapsed 870s)
[36/48] cifar10_mlp_sam_lr0.001_bs512_s0.json max_epochs 175s (elapsed 1011s)
[37/48] cifar10_mlp_sam_lr0.001_bs128_s0.json max_epochs 235s (elapsed 1069s)
[38/48] cifar10_mlp_sam_lr0.003_bs32_s0.json reached 244s (elapsed 1114s)
[39/48] cifar10_mlp_adam_lr0.001_bs32_s0.json max_epochs 336s (elapsed 1121s)
[40/48] cifar10_mlp_sam_lr0.001_bs32_s0.json reached 296s (elapsed 1129s)
[41/48] cifar10_mlp_sam_lr0.003_bs128_s0.json reached 150s (elapsed 1160s)
[42/48] cifar10_mlp_sam_lr0.01_bs128_s0.json reached 108s (elapsed 1229s)
[43/48] cifar10_mlp_sam_lr0.003_bs512_s0.json max_epochs 169s (elapsed 1238s)
[44/48] cifar10_mlp_sam_lr0.01_bs512_s0.json reached 138s (elapsed 1267s)
[45/48] cifar10_mlp_sam_lr0.03_bs512_s0.json reached 76s (elapsed 1314s)
[46/48] cifar10_mlp_sam_lr0.03_bs128_s0.json max_epochs 163s (elapsed 1392s)
[47/48] cifar10_mlp_sam_lr0.01_bs32_s0.json max_epochs 322s (elapsed 1436s)
[48/48] cifar10_mlp_sam_lr0.03_bs32_s0.json max_epochs 297s (elapsed 1457s)
