calib_mnist: 48 runs to do
[1/48] mnist_mlp_sgd_lr0.03_bs32_s0.json reached 11s (elapsed 15s)
[2/48] mnist_mlp_sgd_lr0.03_bs128_s0.json reached 19s (elapsed 22s)
[3/48] mnist_mlp_sgd_lr0.1_bs32_s0.json reached 5s (elapsed 27s)
[4/48] mnist_mlp_sgd_lr0.1_bs128_s0.json reached 6s (elapsed 33s)
[5/48] mnist_mlp_sgd_lr0.01_bs32_s0.json reached 31s (elapsed 34s)
[6/48] mnist_mlp_sgd_lr0.01_bs512_s0.json max_epochs 32s (elapsed 35s)
[7/48] mnist_mlp_sgd_lr0.3_bs128_s0.json reached 3s (elapsed 38s)
[8/48] mnist_mlp_sgd_lr0.3_bs512_s0.json reached 6s (elapsed 44s)
[9/48] mnist_mlp_sgd_lr0.3_bs32_s0.json reached 11s (elapsed 45s)
[10/48] mnist_mlp_sgd_lr0.03_bs512_s0.json max_epochs 31s (elapsed 46s)
[11/48] mnist_mlp_sgd_lr0.1_bs512_s0.json reached 16s (elapsed 49s)
[12/48] mnist_mlp_sgd_lr0.01_bs128_s0.json max_epochs 47s (elapsed 50s)
[13/48] mnist_mlp_sgdm_lr0.003_bs32_s0.json reached 12s (elapsed 60s)
[14/48] mnist_mlp_sgdm_lr0.003_bs128_s0.json reached 19s (elapsed 70s)
[15/48] mnist_mlp_sgdm_lr0.01_bs32_s0.json reached 5s (elapsed 75s)
[16/48] mnist_mlp_sgdm_lr0.001_bs512_s0.json max_epochs 30s (elapsed 76s)
[17/48] mnist_mlp_sgdm_lr0.001_bs32_s0.json reached 34s (elapsed 78s)
[18/48] mnist_mlp_sgdm_lr0.01_bs128_s0.json reached 7s (elapsed 82s)
[19/48] mnist_mlp_sgdm_lr0.03_bs128_s0.json reached 3s (elapsed 84s)
[20/48] mnist_mlp_sgdm_lr0.03_bs32_s0.json reached 12s (elapsed 90s)
[21/48] mnist_mlp_sgdm_lr0.03_bs512_s0.json reached 6s (elapsed 90s)
[22/48] mnist_mlp_sgdm_lr0.003_bs512_s0.json max_epochs 32s (elapsed 92s)
[23/48] mnist_mlp_sgdm_lr0.01_bs512_s0.json reached 17s (elapsed 93s)
[24/48] mnist_mlp_sgdm_lr0.001_bs128_s0.json max_epochs 48s (elapsed 93s)
[25/48] mnist_mlp_adam_lr3e-05_bs512_s0.json max_epochs 32s (elapsed 125s)
[26/48] mnist_mlp_adam_lr0.0001_bs128_s0.json reached 33s (elapsed 126s)
[27/48] mnist_mlp_adam_lr0.0001_bs32_s0.json reached 40s (elapsed 133s)
[28/48] mnist_mlp_adam_lr0.0003_bs32_s0.json reached 18s (elapsed 144s)
[29/48] mnist_mlp_adam_lr0.0003_bs128_s0.json reached 14s (elapsed 147s)
[30/48] mnist_mlp_adam_lr3e-05_bs128_s0.json max_epochs 62s (elapsed 152s)
[31/48] mnist_mlp_adam_lr0.001_bs128_s0.json reached 6s (elapsed 158s)
[32/48] mnist_mlp_adam_lr0.0001_bs512_s0.json max_epochs 36s (elapsed 160s)
[33/48] mnist_mlp_adam_lr0.0003_bs512_s0.json reached 18s (elapsed 163s)
[34/48] mnist_mlp_adam_lr0.001_bs32_s0.json reached 17s (elapsed 164s)
[35/48] mnist_mlp_adam_lr0.001_bs512_s0.json reached 7s (elapsed 165s)
[36/48] mnist_mlp_sam_lr0.003_bs32_s0.json reached 25s (elapsed 189s)
[37/48] mnist_mlp_sam_lr0.001_bs512_s0.json max_epochs 48s (elapsed 211s)
[38/48] mnist_mlp_adam_lr3e-05_bs32_s0.json reached 128s (elapsed 218s)
[39/48] mnist_mlp_sam_lr0.003_bs128_s0.json reached 33s (elapsed 222s)
[40/48] mnist_mlp_sam_lr0.001_bs32_s0.json reached 67s (elapsed 227s)
[41/48] mnist_mlp_sam_lr0.01_bs32_s0.json reached 15s (elapsed 233s)
[42/48] mnist_mlp_sam_lr0.01_bs128_s0.json reached 13s (elapsed 235s)
[43/48] mnist_mlp_sam_lr0.03_bs128_s0.json reached 6s (elapsed 242s)
[44/48] mnist_mlp_sam_lr0.001_bs128_s0.json max_epochs 87s (elapsed 250s)
[45/48] mnist_mlp_sam_lr0.03_bs32_s0.json reached 17s (elapsed 250s)
[46/48] mnist_mlp_sam_lr0.03_bs512_s0.json reached 10s (elapsed 251s)
[47/48] mnist_mlp_sam_lr0.01_bs512_s0.json reached 26s (elapsed 253s)
[48/48] mnist_mlp_sam_lr0.003_bs512_s0.json max_epochs 46s (elapsed 258s)
