48 runs
[1/48] mnist_sgd_lr0.12_ln0.0_c0.333_s0 excess1 12.19->1.79->1.88 loss 0.000 t=427s
[2/48] mnist_sgd_lr0.12_ln0.0_c0.333_s1 excess1 12.97->1.84->1.87 loss 0.000 t=432s
[3/48] mnist_sgd_lr0.12_ln0.0_c1_s0 excess1 1.76->1.28->1.86 loss 0.000 t=432s
[4/48] mnist_sgd_lr0.12_ln0.0_c3_s1 excess1 2.37->1.14->1.71 loss 0.000 t=224s
[5/48] mnist_sgd_lr0.12_ln0.0_c1_s1 excess1 1.84->1.30->1.89 loss 0.000 t=229s
[6/48] mnist_sgd_lr0.12_ln0.0_c3_s0 excess1 2.28->1.13->1.71 loss 0.000 t=226s
42 runs
[1/42] mnist_sgd_lr0.12_ln0.2_c0.333_s1 excess1 12.97->1.90->1.12 loss 0.209 t=162s
[2/42] mnist_sgd_lr0.12_ln0.2_c0.333_s0 excess1 12.19->1.86->1.10 loss 0.185 t=167s
[3/42] mnist_sgd_lr0.12_ln0.2_c1_s0 excess1 1.76->1.32->1.12 loss 0.187 t=177s
[4/42] mnist_sgd_lr0.12_ln0.2_c1_s1 excess1 1.84->1.31->1.13 loss 0.206 t=175s
[5/42] mnist_sgd_lr0.12_ln0.2_c3_s0 excess1 2.28->1.16->1.09 loss 0.187 t=175s
[6/42] mnist_sgd_lr0.12_ln0.2_c3_s1 excess1 2.37->1.14->1.11 loss 0.206 t=179s
[7/42] mnist_adam_lr0.0006_ln0.0_c0.333_s0 excess1 12.19->1.56->1.51 loss 0.000 t=334s
[8/42] mnist_adam_lr0.0006_ln0.0_c0.333_s1 excess1 12.97->1.52->1.40 loss 0.000 t=333s
[9/42] mnist_adam_lr0.0006_ln0.0_c1_s1 excess1 1.84->1.24->1.33 loss 0.000 t=223s
[10/42] mnist_adam_lr0.0006_ln0.0_c1_s0 excess1 1.76->1.32->1.43 loss 0.000 t=233s
[11/42] mnist_adam_lr0.0006_ln0.0_c3_s0 excess1 2.28->1.57->1.29 loss 0.000 t=216s
[12/42] mnist_adam_lr0.0006_ln0.0_c3_s1 excess1 2.37->1.51->1.49 loss 0.000 t=213s
[13/42] mnist_adam_lr0.0006_ln0.2_c0.333_s1 excess1 12.97->1.66->1.66 loss 0.188 t=229s
[14/42] mnist_adam_lr0.0006_ln0.2_c0.333_s0 excess1 12.19->1.55->1.65 loss 0.201 t=232s
[15/42] mnist_adam_lr0.0006_ln0.2_c1_s1 excess1 1.84->1.09->1.61 loss 0.187 t=235s
[16/42] mnist_adam_lr0.0006_ln0.2_c1_s0 excess1 1.76->1.13->1.67 loss 0.194 t=239s
[17/42] mnist_adam_lr0.0006_ln0.2_c3_s0 excess1 2.28->1.40->1.71 loss 0.207 t=215s
[18/42] mnist_adam_lr0.0006_ln0.2_c3_s1 excess1 2.37->1.37->1.70 loss 0.188 t=221s
[19/42] cifar10_sgd_lr0.12_ln0.0_c0.333_s0 excess1 31.01->1.72->1.80 loss 0.000 t=160s
[20/42] cifar10_sgd_lr0.12_ln0.0_c0.333_s1 excess1 30.40->1.72->1.78 loss 0.000 t=161s
[21/42] cifar10_sgd_lr0.12_ln0.0_c1_s0 excess1 3.70->1.41->1.97 loss 0.000 t=162s
[22/42] cifar10_sgd_lr0.12_ln0.0_c1_s1 excess1 3.64->1.45->2.01 loss 0.000 t=162s
[23/42] cifar10_sgd_lr0.12_ln0.0_c3_s0 excess1 1.82->1.31->2.03 loss 0.000 t=153s
[24/42] cifar10_sgd_lr0.12_ln0.0_c3_s1 excess1 1.81->1.34->2.04 loss 0.000 t=153s
[25/42] cifar10_sgd_lr0.12_ln0.2_c0.333_s0 excess1 31.01->1.75->1.22 loss 0.323 t=162s
[26/42] cifar10_sgd_lr0.12_ln0.2_c0.333_s1 excess1 30.40->1.81->1.21 loss 0.308 t=164s
[27/42] cifar10_sgd_lr0.12_ln0.2_c1_s0 excess1 3.70->1.41->1.23 loss 0.309 t=162s
[28/42] cifar10_sgd_lr0.12_ln0.2_c1_s1 excess1 3.64->1.42->1.24 loss 0.300 t=165s
[29/42] cifar10_sgd_lr0.12_ln0.2_c3_s0 excess1 1.82->1.26->1.27 loss 0.293 t=162s
[30/42] cifar10_sgd_lr0.12_ln0.2_c3_s1 excess1 1.81->1.27->1.27 loss 0.294 t=163s
[31/42] cifar10_adam_lr0.0006_ln0.0_c0.333_s0 excess1 31.01->1.45->1.12 loss 0.000 t=213s
[32/42] cifar10_adam_lr0.0006_ln0.0_c0.333_s1 excess1 30.40->1.42->1.09 loss 0.000 t=216s
[33/42] cifar10_adam_lr0.0006_ln0.0_c1_s0 excess1 3.70->1.15->1.25 loss 0.000 t=228s
[34/42] cifar10_adam_lr0.0006_ln0.0_c1_s1 excess1 3.64->1.11->1.23 loss 0.000 t=229s
[35/42] cifar10_adam_lr0.0006_ln0.0_c3_s0 excess1 1.82->1.54->1.28 loss 0.000 t=206s
[36/42] cifar10_adam_lr0.0006_ln0.0_c3_s1 excess1 1.81->1.51->1.35 loss 0.020 t=206s
[37/42] cifar10_adam_lr0.0006_ln0.2_c0.333_s0 excess1 31.01->1.45->1.77 loss 0.304 t=231s
[38/42] cifar10_adam_lr0.0006_ln0.2_c0.333_s1 excess1 30.40->1.43->1.71 loss 0.312 t=233s
[39/42] cifar10_adam_lr0.0006_ln0.2_c1_s0 excess1 3.70->1.11->1.26 loss 0.291 t=223s
[40/42] cifar10_adam_lr0.0006_ln0.2_c1_s1 excess1 3.64->1.10->1.27 loss 0.297 t=230s
[41/42] cifar10_adam_lr0.0006_ln0.2_c3_s0 excess1 1.82->1.60->1.29 loss 0.284 t=233s
[42/42] cifar10_adam_lr0.0006_ln0.2_c3_s1 excess1 1.81->1.62->1.25 loss 0.286 t=231s
