66 runs
[1/66] {'opt': 'sgd', 'lr': 0.03, 'bs': 128, 'res': 8, 'seed': 0, 'epochs': 20} loss=1.560 imb=[0.28, 0.535] dq1=[-0.0, -0.0] dq2=[0.0024, 0.0002] err=9.4e-08 t=9s
[2/66] {'opt': 'sgd', 'lr': 0.01, 'bs': 128, 'res': 8, 'seed': 0, 'epochs': 20} loss=1.855 imb=[0.325, 0.763] dq1=[0.0, -0.0] dq2=[0.0001, -0.0] err=1.0e-07 t=9s
[3/66] {'opt': 'sgd', 'lr': 0.1, 'bs': 128, 'res': 8, 'seed': 0, 'epochs': 20} loss=1.204 imb=[0.288, 0.348] dq1=[-0.0, 0.0] dq2=[0.128, 0.0487] err=1.9e-07 t=11s
[4/66] {'opt': 'sgdm', 'lr': 0.001, 'bs': 128, 'res': 8, 'seed': 0, 'epochs': 20} loss=1.858 imb=[0.325, 0.766] dq1=[0.0001, 0.0001] dq2=[0.0, 0.0] err=8.4e-08 t=11s
[5/66] {'opt': 'sgdm', 'lr': 0.003, 'bs': 128, 'res': 8, 'seed': 0, 'epochs': 20} loss=1.565 imb=[0.281, 0.539] dq1=[0.0024, 0.0003] dq2=[0.0001, 0.0] err=9.4e-08 t=11s
[6/66] {'opt': 'sgdm', 'lr': 0.01, 'bs': 128, 'res': 8, 'seed': 0, 'epochs': 20} loss=1.199 imb=[0.27, 0.338] dq1=[0.1017, 0.0393] dq2=[0.0057, 0.0022] err=2.0e-07 t=11s
[7/66] {'opt': 'adam', 'lr': 3e-05, 'bs': 128, 'res': 8, 'seed': 0, 'epochs': 20} loss=1.850 imb=[0.35, 0.912] dq1=[0.0234, 0.0379] dq2=[0.0, 0.0] err=9.3e-08 t=14s
[8/66] {'opt': 'sam', 'lr': 0.003, 'bs': 128, 'res': 8, 'seed': 0, 'epochs': 20} loss=1.596 imb=[0.3, 0.582] dq1=[0.01, -0.0004] dq2=[0.0001, 0.0] err=1.1e-07 t=18s
[9/66] {'opt': 'adam', 'lr': 0.0001, 'bs': 128, 'res': 8, 'seed': 0, 'epochs': 20} loss=1.605 imb=[0.329, 0.871] dq1=[0.055, 0.1248] dq2=[0.0002, 0.0002] err=8.8e-08 t=13s
[10/66] {'opt': 'adam', 'lr': 0.0003, 'bs': 128, 'res': 8, 'seed': 0, 'epochs': 20} loss=1.355 imb=[0.302, 0.854] dq1=[0.1079, 0.3169] dq2=[0.0018, 0.0016] err=1.4e-07 t=14s
[11/66] {'opt': 'adam', 'lr': 0.001, 'bs': 128, 'res': 8, 'seed': 0, 'epochs': 20} loss=1.057 imb=[0.344, 0.864] dq1=[0.4062, 0.7878] dq2=[0.0173, 0.0133] err=2.8e-07 t=16s
[12/66] {'opt': 'sgd', 'lr': 0.01, 'bs': 128, 'res': 8, 'seed': 1, 'epochs': 20} loss=1.857 imb=[0.327, 0.72] dq1=[-0.0, 0.0] dq2=[0.0, -0.0] err=9.5e-08 t=12s
[13/66] {'opt': 'sgd', 'lr': 0.03, 'bs': 128, 'res': 8, 'seed': 1, 'epochs': 20} loss=1.560 imb=[0.281, 0.505] dq1=[-0.0, 0.0] dq2=[0.0022, 0.0004] err=1.1e-07 t=11s
[14/66] {'opt': 'sgd', 'lr': 0.1, 'bs': 128, 'res': 8, 'seed': 1, 'epochs': 20} loss=1.217 imb=[0.291, 0.332] dq1=[-0.0, 0.0] dq2=[0.1257, 0.0518] err=1.7e-07 t=11s
[15/66] {'opt': 'sgdm', 'lr': 0.001, 'bs': 128, 'res': 8, 'seed': 1, 'epochs': 20} loss=1.861 imb=[0.328, 0.723] dq1=[0.0001, 0.0001] dq2=[0.0, 0.0] err=8.3e-08 t=13s
[16/66] {'opt': 'sgdm', 'lr': 0.003, 'bs': 128, 'res': 8, 'seed': 1, 'epochs': 20} loss=1.566 imb=[0.282, 0.51] dq1=[0.0022, 0.0008] dq2=[0.0001, 0.0] err=8.3e-08 t=14s
[17/66] {'opt': 'sgdm', 'lr': 0.01, 'bs': 128, 'res': 8, 'seed': 1, 'epochs': 20} loss=1.167 imb=[0.27, 0.32] dq1=[0.0959, 0.0411] dq2=[0.0054, 0.0023] err=2.3e-07 t=13s
[18/66] {'opt': 'sam', 'lr': 0.003, 'bs': 128, 'res': 8, 'seed': 1, 'epochs': 20} loss=1.596 imb=[0.3, 0.549] dq1=[0.0092, 0.0008] dq2=[0.0001, 0.0] err=9.5e-08 t=23s
[19/66] {'opt': 'adam', 'lr': 3e-05, 'bs': 128, 'res': 8, 'seed': 1, 'epochs': 20} loss=1.845 imb=[0.35, 0.881] dq1=[0.022, 0.0355] dq2=[0.0, 0.0] err=8.9e-08 t=16s
[20/66] {'opt': 'adam', 'lr': 0.0001, 'bs': 128, 'res': 8, 'seed': 1, 'epochs': 20} loss=1.601 imb=[0.329, 0.848] dq1=[0.0542, 0.1209] dq2=[0.0002, 0.0002] err=1.3e-07 t=15s
[21/66] {'opt': 'adam', 'lr': 0.0003, 'bs': 128, 'res': 8, 'seed': 1, 'epochs': 20} loss=1.367 imb=[0.302, 0.832] dq1=[0.1105, 0.2969] dq2=[0.0018, 0.0015] err=1.5e-07 t=14s
[22/66] {'opt': 'adam', 'lr': 0.001, 'bs': 128, 'res': 8, 'seed': 1, 'epochs': 20} loss=1.021 imb=[0.335, 0.837] dq1=[0.4021, 0.7952] dq2=[0.0174, 0.0136] err=3.3e-07 t=13s
[23/66] {'opt': 'sgd', 'lr': 0.01, 'bs': 128, 'res': 16, 'seed': 0, 'epochs': 20} loss=1.672 imb=[0.313, 0.701] dq1=[0.0, -0.0] dq2=[0.0004, 0.0] err=8.6e-08 t=17s
[24/66] {'opt': 'sgd', 'lr': 0.03, 'bs': 128, 'res': 16, 'seed': 0, 'epochs': 20} loss=1.294 imb=[0.275, 0.499] dq1=[-0.0, 0.0] dq2=[0.0134, 0.0024] err=1.0e-07 t=18s
[25/66] {'opt': 'sgd', 'lr': 0.1, 'bs': 128, 'res': 16, 'seed': 0, 'epochs': 20} loss=0.892 imb=[0.411, 0.404] dq1=[0.0, 0.0] dq2=[0.3582, 0.1377] err=1.7e-07 t=17s
[26/66] {'opt': 'sgdm', 'lr': 0.001, 'bs': 128, 'res': 16, 'seed': 0, 'epochs': 20} loss=1.677 imb=[0.314, 0.704] dq1=[0.0006, -0.0] dq2=[0.0, -0.0] err=9.4e-08 t=19s
[27/66] {'opt': 'sgdm', 'lr': 0.003, 'bs': 128, 'res': 16, 'seed': 0, 'epochs': 20} loss=1.306 imb=[0.275, 0.501] dq1=[0.0118, 0.0018] dq2=[0.0007, 0.0001] err=1.4e-07 t=21s
[28/66] {'opt': 'sgdm', 'lr': 0.01, 'bs': 128, 'res': 16, 'seed': 0, 'epochs': 20} loss=0.808 imb=[0.381, 0.364] dq1=[0.3084, 0.1013] dq2=[0.0173, 0.0057] err=2.5e-07 t=21s
[29/66] {'opt': 'sam', 'lr': 0.003, 'bs': 128, 'res': 16, 'seed': 0, 'epochs': 20} loss=1.385 imb=[0.318, 0.572] dq1=[0.0309, 0.0033] dq2=[0.0005, 0.0001] err=9.4e-08 t=26s
[30/66] {'opt': 'adam', 'lr': 3e-05, 'bs': 128, 'res': 16, 'seed': 0, 'epochs': 20} loss=1.691 imb=[0.372, 0.881] dq1=[0.041, 0.0304] dq2=[0.0001, 0.0] err=7.7e-08 t=20s
[31/66] {'opt': 'adam', 'lr': 0.0001, 'bs': 128, 'res': 16, 'seed': 0, 'epochs': 20} loss=1.420 imb=[0.409, 0.839] dq1=[0.1192, 0.0899] dq2=[0.0009, 0.0002] err=1.4e-07 t=20s
[32/66] {'opt': 'adam', 'lr': 0.0003, 'bs': 128, 'res': 16, 'seed': 0, 'epochs': 20} loss=1.064 imb=[0.513, 0.798] dq1=[0.3813, 0.2263] dq2=[0.0077, 0.0014] err=1.2e-07 t=20s
[33/66] {'opt': 'sgd', 'lr': 0.01, 'bs': 128, 'res': 16, 'seed': 1, 'epochs': 20} loss=1.692 imb=[0.31, 0.722] dq1=[-0.0, 0.0] dq2=[0.0004, -0.0] err=8.4e-08 t=19s
[34/66] {'opt': 'adam', 'lr': 0.001, 'bs': 128, 'res': 16, 'seed': 0, 'epochs': 20} loss=0.597 imb=[0.817, 0.789] dq1=[1.9933, 0.5908] dq2=[0.078, 0.0124] err=4.2e-07 t=23s
[35/66] {'opt': 'sgd', 'lr': 0.03, 'bs': 128, 'res': 16, 'seed': 1, 'epochs': 20} loss=1.305 imb=[0.272, 0.515] dq1=[0.0, -0.0] dq2=[0.0131, 0.002] err=1.2e-07 t=19s
[36/66] {'opt': 'sgd', 'lr': 0.1, 'bs': 128, 'res': 16, 'seed': 1, 'epochs': 20} loss=0.856 imb=[0.413, 0.395] dq1=[0.0, -0.0] dq2=[0.3659, 0.1311] err=2.0e-07 t=21s
[37/66] {'opt': 'sgdm', 'lr': 0.001, 'bs': 128, 'res': 16, 'seed': 1, 'epochs': 20} loss=1.698 imb=[0.311, 0.725] dq1=[0.0006, -0.0] dq2=[0.0, -0.0] err=8.5e-08 t=18s
[38/66] {'opt': 'sgdm', 'lr': 0.003, 'bs': 128, 'res': 16, 'seed': 1, 'epochs': 20} loss=1.311 imb=[0.272, 0.516] dq1=[0.0113, 0.0017] dq2=[0.0006, 0.0001] err=1.1e-07 t=20s
[39/66] {'opt': 'sgdm', 'lr': 0.01, 'bs': 128, 'res': 16, 'seed': 1, 'epochs': 20} loss=0.799 imb=[0.38, 0.358] dq1=[0.3085, 0.098] dq2=[0.0174, 0.0055] err=2.3e-07 t=18s
[40/66] {'opt': 'sam', 'lr': 0.003, 'bs': 128, 'res': 16, 'seed': 1, 'epochs': 20} loss=1.398 imb=[0.313, 0.585] dq1=[0.0296, 0.0016] dq2=[0.0005, 0.0] err=8.6e-08 t=28s
[41/66] {'opt': 'adam', 'lr': 3e-05, 'bs': 128, 'res': 16, 'seed': 1, 'epochs': 20} loss=1.699 imb=[0.367, 0.907] dq1=[0.0416, 0.0317] dq2=[0.0001, 0.0] err=1.0e-07 t=21s
[42/66] {'opt': 'adam', 'lr': 0.0001, 'bs': 128, 'res': 16, 'seed': 1, 'epochs': 20} loss=1.418 imb=[0.407, 0.868] dq1=[0.1225, 0.0935] dq2=[0.0009, 0.0002] err=1.2e-07 t=19s
[43/66] {'opt': 'adam', 'lr': 0.0003, 'bs': 128, 'res': 16, 'seed': 1, 'epochs': 20} loss=1.042 imb=[0.515, 0.827] dq1=[0.3929, 0.2354] dq2=[0.0078, 0.0014] err=1.4e-07 t=22s
[44/66] {'opt': 'adam', 'lr': 0.001, 'bs': 128, 'res': 16, 'seed': 1, 'epochs': 20} loss=0.598 imb=[0.815, 0.813] dq1=[2.0063, 0.6084] dq2=[0.078, 0.013] err=4.4e-07 t=24s
[45/66] {'opt': 'sgd', 'lr': 0.01, 'bs': 128, 'res': 32, 'seed': 0, 'epochs': 20} loss=1.450 imb=[0.31, 0.665] dq1=[-0.0, 0.0] dq2=[0.0021, 0.0001] err=9.0e-08 t=38s
[46/66] {'opt': 'sgd', 'lr': 0.03, 'bs': 128, 'res': 32, 'seed': 0, 'epochs': 20} loss=0.918 imb=[0.311, 0.457] dq1=[0.0, -0.0] dq2=[0.0613, 0.0092] err=1.2e-07 t=40s
[47/66] {'opt': 'sgd', 'lr': 0.1, 'bs': 128, 'res': 32, 'seed': 0, 'epochs': 20} loss=0.586 imb=[0.467, 0.48] dq1=[0.0, -0.0] dq2=[0.5708, 0.2963] err=2.4e-07 t=38s
[48/66] {'opt': 'sgdm', 'lr': 0.001, 'bs': 128, 'res': 32, 'seed': 0, 'epochs': 20} loss=1.460 imb=[0.311, 0.67] dq1=[0.0022, 0.0001] dq2=[0.0001, 0.0] err=8.9e-08 t=39s
[49/66] {'opt': 'sgdm', 'lr': 0.003, 'bs': 128, 'res': 32, 'seed': 0, 'epochs': 20} loss=0.922 imb=[0.293, 0.444] dq1=[0.0459, 0.0071] dq2=[0.0026, 0.0004] err=1.1e-07 t=42s
[50/66] {'opt': 'sgdm', 'lr': 0.01, 'bs': 128, 'res': 32, 'seed': 0, 'epochs': 20} loss=0.422 imb=[0.472, 0.402] dq1=[0.5581, 0.2223] dq2=[0.0313, 0.0125] err=2.1e-07 t=40s
[51/66] {'opt': 'sam', 'lr': 0.003, 'bs': 128, 'res': 32, 'seed': 0, 'epochs': 20} loss=1.113 imb=[0.353, 0.559] dq1=[0.0666, 0.0096] dq2=[0.0014, 0.0002] err=1.1e-07 t=64s
[52/66] {'opt': 'adam', 'lr': 3e-05, 'bs': 128, 'res': 32, 'seed': 0, 'epochs': 20} loss=1.501 imb=[0.412, 0.902] dq1=[0.0684, 0.0242] dq2=[0.0003, 0.0] err=9.9e-08 t=50s
[53/66] {'opt': 'adam', 'lr': 0.0001, 'bs': 128, 'res': 32, 'seed': 0, 'epochs': 20} loss=1.128 imb=[0.551, 0.857] dq1=[0.2606, 0.0682] dq2=[0.0032, 0.0002] err=1.2e-07 t=51s
[54/66] {'opt': 'adam', 'lr': 0.0003, 'bs': 128, 'res': 32, 'seed': 0, 'epochs': 20} loss=0.636 imb=[0.863, 0.786] dq1=[1.0904, 0.1596] dq2=[0.027, 0.0012] err=2.2e-07 t=55s
[55/66] {'opt': 'sgd', 'lr': 0.01, 'bs': 128, 'res': 32, 'seed': 1, 'epochs': 20} loss=1.433 imb=[0.31, 0.665] dq1=[0.0, 0.0] dq2=[0.0024, 0.0001] err=1.1e-07 t=44s
[56/66] {'opt': 'adam', 'lr': 0.001, 'bs': 128, 'res': 32, 'seed': 0, 'epochs': 20} loss=0.281 imb=[1.409, 0.819] dq1=[6.1541, 0.3922] dq2=[0.2622, 0.0114] err=1.2e-06 t=55s
[57/66] {'opt': 'sgd', 'lr': 0.03, 'bs': 128, 'res': 32, 'seed': 1, 'epochs': 20} loss=0.922 imb=[0.319, 0.461] dq1=[0.0, 0.0] dq2=[0.0671, 0.0108] err=1.2e-07 t=42s
[58/66] {'opt': 'sgd', 'lr': 0.1, 'bs': 128, 'res': 32, 'seed': 1, 'epochs': 20} loss=0.554 imb=[0.47, 0.482] dq1=[-0.0, 0.0] dq2=[0.5841, 0.2978] err=2.2e-07 t=42s
[59/66] {'opt': 'sgdm', 'lr': 0.001, 'bs': 128, 'res': 32, 'seed': 1, 'epochs': 20} loss=1.443 imb=[0.311, 0.668] dq1=[0.0024, 0.0001] dq2=[0.0001, 0.0] err=9.8e-08 t=48s
[60/66] {'opt': 'sgdm', 'lr': 0.003, 'bs': 128, 'res': 32, 'seed': 1, 'epochs': 20} loss=0.876 imb=[0.299, 0.448] dq1=[0.0502, 0.0075] dq2=[0.0028, 0.0004] err=1.4e-07 t=52s
[61/66] {'opt': 'sgdm', 'lr': 0.01, 'bs': 128, 'res': 32, 'seed': 1, 'epochs': 20} loss=0.488 imb=[0.488, 0.423] dq1=[0.5941, 0.2354] dq2=[0.0334, 0.0132] err=2.3e-07 t=47s
[62/66] {'opt': 'sam', 'lr': 0.003, 'bs': 128, 'res': 32, 'seed': 1, 'epochs': 20} loss=1.093 imb=[0.36, 0.559] dq1=[0.0721, 0.0092] dq2=[0.0015, 0.0002] err=9.2e-08 t=62s
[63/66] {'opt': 'adam', 'lr': 3e-05, 'bs': 128, 'res': 32, 'seed': 1, 'epochs': 20} loss=1.499 imb=[0.409, 0.904] dq1=[0.0648, 0.0246] dq2=[0.0003, 0.0] err=8.2e-08 t=46s
[64/66] {'opt': 'adam', 'lr': 0.0001, 'bs': 128, 'res': 32, 'seed': 1, 'epochs': 20} loss=1.128 imb=[0.543, 0.861] dq1=[0.2496, 0.0699] dq2=[0.0032, 0.0002] err=1.2e-07 t=50s
[65/66] {'opt': 'adam', 'lr': 0.0003, 'bs': 128, 'res': 32, 'seed': 1, 'epochs': 20} loss=0.608 imb=[0.854, 0.795] dq1=[1.0611, 0.1621] dq2=[0.0271, 0.0012] err=2.5e-07 t=56s
[66/66] {'opt': 'adam', 'lr': 0.001, 'bs': 128, 'res': 32, 'seed': 1, 'epochs': 20} loss=0.258 imb=[1.396, 0.813] dq1=[6.1478, 0.4043] dq2=[0.26, 0.0114] err=1.0e-06 t=47s
