24 runs
[1/24] {'opt': 'rmsprop', 'lr': 3e-05, 'bs': 128, 'res': 8, 'seed': 0, 'epochs': 20} loss=1.740 imb=[0.345, 0.895] dq1=[0.0365, 0.0672] dq2=[0.0011, 0.0011] err=8.6e-08 t=11s
[2/24] {'opt': 'rmsprop', 'lr': 0.0001, 'bs': 128, 'res': 8, 'seed': 0, 'epochs': 20} loss=1.496 imb=[0.324, 0.872] dq1=[0.0706, 0.1843] dq2=[0.0138, 0.0127] err=1.3e-07 t=15s
[3/24] {'opt': 'rmsprop', 'lr': 0.0003, 'bs': 128, 'res': 8, 'seed': 0, 'epochs': 20} loss=1.227 imb=[0.336, 0.861] dq1=[0.1101, 0.3665] dq2=[0.1341, 0.1129] err=1.6e-07 t=14s
[4/24] {'opt': 'signsgd', 'lr': 3e-05, 'bs': 128, 'res': 8, 'seed': 0, 'epochs': 20} loss=1.910 imb=[0.356, 0.934] dq1=[0.0207, 0.0279] dq2=[0.0002, 0.0002] err=8.9e-08 t=10s
[5/24] {'opt': 'signsgd', 'lr': 0.0001, 'bs': 128, 'res': 8, 'seed': 0, 'epochs': 20} loss=1.680 imb=[0.337, 0.885] dq1=[0.0433, 0.0929] dq2=[0.002, 0.0018] err=1.1e-07 t=10s
[6/24] {'opt': 'signsgd', 'lr': 0.0003, 'bs': 128, 'res': 8, 'seed': 0, 'epochs': 20} loss=1.459 imb=[0.292, 0.813] dq1=[0.049, 0.2174] dq2=[0.0182, 0.0165] err=1.5e-07 t=10s
[7/24] {'opt': 'rmsprop', 'lr': 3e-05, 'bs': 128, 'res': 8, 'seed': 1, 'epochs': 20} loss=1.733 imb=[0.345, 0.868] dq1=[0.0354, 0.0649] dq2=[0.0011, 0.0011] err=7.5e-08 t=12s
[8/24] {'opt': 'rmsprop', 'lr': 0.0001, 'bs': 128, 'res': 8, 'seed': 1, 'epochs': 20} loss=1.500 imb=[0.321, 0.853] dq1=[0.0661, 0.1737] dq2=[0.0141, 0.0126] err=1.2e-07 t=12s
[9/24] {'opt': 'rmsprop', 'lr': 0.0003, 'bs': 128, 'res': 8, 'seed': 1, 'epochs': 20} loss=1.235 imb=[0.343, 0.851] dq1=[0.1115, 0.3454] dq2=[0.1369, 0.109] err=2.2e-07 t=11s
[10/24] {'opt': 'signsgd', 'lr': 3e-05, 'bs': 128, 'res': 8, 'seed': 1, 'epochs': 20} loss=1.908 imb=[0.355, 0.904] dq1=[0.0186, 0.0267] dq2=[0.0002, 0.0002] err=9.1e-08 t=11s
[11/24] {'opt': 'signsgd', 'lr': 0.0001, 'bs': 128, 'res': 8, 'seed': 1, 'epochs': 20} loss=1.673 imb=[0.334, 0.855] dq1=[0.0408, 0.0897] dq2=[0.002, 0.0019] err=8.9e-08 t=11s
[12/24] {'opt': 'signsgd', 'lr': 0.0003, 'bs': 128, 'res': 8, 'seed': 1, 'epochs': 20} loss=1.455 imb=[0.288, 0.798] dq1=[0.0496, 0.2077] dq2=[0.0182, 0.0165] err=1.1e-07 t=11s
[13/24] {'opt': 'rmsprop', 'lr': 3e-05, 'bs': 128, 'res': 32, 'seed': 0, 'epochs': 20} loss=1.370 imb=[0.481, 0.888] dq1=[0.1163, 0.0317] dq2=[0.0247, 0.0012] err=1.3e-07 t=38s
[14/24] {'opt': 'rmsprop', 'lr': 0.0001, 'bs': 128, 'res': 32, 'seed': 0, 'epochs': 20} loss=0.962 imb=[0.786, 0.833] dq1=[0.4114, 0.0641] dq2=[0.268, 0.0117] err=2.4e-07 t=36s
[15/24] {'opt': 'rmsprop', 'lr': 0.0003, 'bs': 128, 'res': 32, 'seed': 0, 'epochs': 20} loss=0.520 imb=[1.279, 0.762] dq1=[1.205, 0.1024] dq2=[2.1518, 0.0791] err=6.0e-07 t=36s
[16/24] {'opt': 'signsgd', 'lr': 3e-05, 'bs': 128, 'res': 32, 'seed': 0, 'epochs': 20} loss=1.573 imb=[0.405, 0.912] dq1=[0.0528, 0.0174] dq2=[0.0042, 0.0002] err=8.9e-08 t=33s
[17/24] {'opt': 'signsgd', 'lr': 0.0001, 'bs': 128, 'res': 32, 'seed': 0, 'epochs': 20} loss=1.249 imb=[0.518, 0.86] dq1=[0.1535, 0.0465] dq2=[0.0469, 0.0019] err=1.3e-07 t=34s
[18/24] {'opt': 'signsgd', 'lr': 0.0003, 'bs': 128, 'res': 32, 'seed': 0, 'epochs': 20} loss=0.808 imb=[0.787, 0.769] dq1=[0.3678, 0.0934] dq2=[0.4225, 0.0167] err=2.4e-07 t=33s
[19/24] {'opt': 'rmsprop', 'lr': 3e-05, 'bs': 128, 'res': 32, 'seed': 1, 'epochs': 20} loss=1.364 imb=[0.477, 0.892] dq1=[0.1107, 0.0322] dq2=[0.0252, 0.0012] err=1.2e-07 t=37s
[20/24] {'opt': 'rmsprop', 'lr': 0.0001, 'bs': 128, 'res': 32, 'seed': 1, 'epochs': 20} loss=0.956 imb=[0.777, 0.838] dq1=[0.3822, 0.0636] dq2=[0.275, 0.0119] err=1.6e-07 t=36s
[21/24] {'opt': 'rmsprop', 'lr': 0.0003, 'bs': 128, 'res': 32, 'seed': 1, 'epochs': 20} loss=0.514 imb=[1.266, 0.773] dq1=[1.0919, 0.1109] dq2=[2.2207, 0.0816] err=7.6e-07 t=35s
[22/24] {'opt': 'signsgd', 'lr': 3e-05, 'bs': 128, 'res': 32, 'seed': 1, 'epochs': 20} loss=1.569 imb=[0.403, 0.912] dq1=[0.0503, 0.017] dq2=[0.0042, 0.0002] err=9.6e-08 t=33s
[23/24] {'opt': 'signsgd', 'lr': 0.0001, 'bs': 128, 'res': 32, 'seed': 1, 'epochs': 20} loss=1.253 imb=[0.511, 0.863] dq1=[0.1436, 0.0461] dq2=[0.0469, 0.0019] err=1.0e-07 t=17143s
[24/24] {'opt': 'signsgd', 'lr': 0.0003, 'bs': 128, 'res': 32, 'seed': 1, 'epochs': 20} loss=0.805 imb=[0.781, 0.761] dq1=[0.3496, 0.0917] dq2=[0.4225, 0.0167] err=2.3e-07 t=230s
