func_teleport: 32 runs to do
[1/32] cifar10_mlp_sgd_lr0.12_bs128_s0.json reached 33s (elapsed 36s)
[2/32] cifar10_mlp_sgdm_lr0.006_bs128_s0.json reached 37s (elapsed 41s)
[3/32] cifar10_mlp_sgdm_lr0.012_bs128_s0.json reached 42s (elapsed 45s)
[4/32] cifar10_mlp_sgd_lr0.06_bs128_s0.json reached 42s (elapsed 45s)
[5/32] cifar10_mlp_sgd_lr0.12_bs128_s0_tele100.json diverged 72s (elapsed 117s)
[6/32] cifar10_mlp_sgd_lr0.48_bs128_s0.json max_epochs 134s (elapsed 137s)
[7/32] cifar10_mlp_sgd_lr0.24_bs128_s0.json max_epochs 144s (elapsed 148s)
[8/32] cifar10_mlp_sgd_lr0.24_bs128_s0_tele100.json diverged 31s (elapsed 148s)
[9/32] cifar10_mlp_sgd_lr0.48_bs128_s0_tele100.json diverged 26s (elapsed 163s)
[10/32] cifar10_mlp_sgdm_lr0.024_bs128_s0.json max_epochs 163s (elapsed 199s)
[11/32] cifar10_mlp_sgdm_lr0.048_bs128_s0.json max_epochs 164s (elapsed 205s)
[12/32] cifar10_mlp_sgdm_lr0.048_bs128_s0_tele100.json diverged 22s (elapsed 222s)
[13/32] cifar10_mlp_sgd_lr0.06_bs128_s0_tele100.json diverged 177s (elapsed 222s)
[14/32] cifar10_mlp_sgd_lr0.06_bs128_s1.json reached 46s (elapsed 251s)
[15/32] cifar10_mlp_sgd_lr0.12_bs128_s1.json reached 36s (elapsed 257s)
[16/32] cifar10_mlp_sgdm_lr0.006_bs128_s1.json reached 39s (elapsed 296s)
[17/32] cifar10_mlp_sgdm_lr0.012_bs128_s1.json reached 37s (elapsed 332s)
[18/32] cifar10_mlp_sgd_lr0.24_bs128_s1.json max_epochs 138s (elapsed 360s)
[19/32] cifar10_mlp_sgd_lr0.48_bs128_s1.json max_epochs 131s (elapsed 382s)
[20/32] cifar10_mlp_sgdm_lr0.024_bs128_s0_tele100.json max_epochs 241s (elapsed 404s)
[21/32] cifar10_mlp_sgd_lr0.06_bs128_s1_tele100.json reached 71s (elapsed 453s)
[22/32] cifar10_mlp_sgd_lr0.12_bs128_s1_tele100.json diverged 55s (elapsed 459s)
[23/32] cifar10_mlp_sgdm_lr0.012_bs128_s0_tele100.json max_epochs 329s (elapsed 477s)
[24/32] cifar10_mlp_sgd_lr0.48_bs128_s1_tele100.json diverged 24s (elapsed 483s)
[25/32] cifar10_mlp_sgdm_lr0.024_bs128_s1.json max_epochs 153s (elapsed 485s)
[26/32] cifar10_mlp_sgd_lr0.24_bs128_s1_tele100.json diverged 36s (elapsed 489s)
[27/32] cifar10_mlp_sgdm_lr0.006_bs128_s0_tele100.json max_epochs 355s (elapsed 503s)
[28/32] cifar10_mlp_sgdm_lr0.048_bs128_s1_tele100.json diverged 21s (elapsed 511s)
[29/32] cifar10_mlp_sgdm_lr0.048_bs128_s1.json max_epochs 153s (elapsed 513s)
[30/32] cifar10_mlp_sgdm_lr0.006_bs128_s1_tele100.json reached 57s (elapsed 534s)
[31/32] cifar10_mlp_sgdm_lr0.012_bs128_s1_tele100.json diverged 60s (elapsed 543s)
[32/32] cifar10_mlp_sgdm_lr0.024_bs128_s1_tele100.json max_epochs 165s (elapsed 651s)
