func_adamq: 36 runs to do
[1/36] cifar10_mlp_adam_lr0.0003_bs32_s0.json reached 116s (elapsed 118s)
[2/36] cifar10_mlp_adamq_lr0.0003_bs32_s0_ql1.json reached 139s (elapsed 142s)
[3/36] cifar10_mlp_adam_lr0.0006_bs128_s0.json reached 47s (elapsed 165s)
[4/36] cifar10_mlp_adamq_lr0.0003_bs32_s0_ql0.json reached 197s (elapsed 200s)
[5/36] cifar10_mlp_adamq_lr0.0006_bs128_s0_qe50.json max_epochs 309s (elapsed 509s)
[6/36] cifar10_mlp_adamq_lr0.0006_bs128_s0.json max_epochs 402s (elapsed 544s)
[7/36] cifar10_mlp_adamq_lr0.0006_bs128_s0_ql0.json reached 63s (elapsed 572s)
[8/36] cifar10_mlp_adamq_lr0.0006_bs128_s0_qt0.json max_epochs 430s (elapsed 595s)
[9/36] cifar10_mlp_adamq_lr0.0006_bs128_s0_ql1.json reached 53s (elapsed 596s)
[10/36] cifar10_mlp_adam_lr0.0012_bs512_s0.json reached 34s (elapsed 606s)
[11/36] cifar10_mlp_adamq_lr0.0012_bs512_s0.json reached 51s (elapsed 646s)
[12/36] cifar10_mlp_adamq_lr0.0012_bs512_s0_qe50.json reached 57s (elapsed 662s)
[13/36] cifar10_mlp_adamq_lr0.0003_bs32_s0_qe50.json max_epochs 664s (elapsed 666s)
[14/36] cifar10_mlp_adamq_lr0.0012_bs512_s0_ql0.json reached 41s (elapsed 687s)
[15/36] cifar10_mlp_adamq_lr0.0012_bs512_s0_ql1.json reached 39s (elapsed 701s)
[16/36] cifar10_mlp_adam_lr0.0003_bs32_s1.json reached 102s (elapsed 768s)
[17/36] cifar10_mlp_adamq_lr0.0012_bs512_s0_qt0.json max_epochs 290s (elapsed 886s)
[18/36] cifar10_mlp_adamq_lr0.0003_bs32_s0_qt0.json max_epochs 913s (elapsed 915s)
[19/36] cifar10_mlp_adamq_lr0.0003_bs32_s1_ql1.json reached 120s (elapsed 1035s)
[20/36] cifar10_mlp_adamq_lr0.0003_bs32_s0.json max_epochs 1042s (elapsed 1044s)
[21/36] cifar10_mlp_adam_lr0.0006_bs128_s1.json reached 43s (elapsed 1078s)
[22/36] cifar10_mlp_adamq_lr0.0003_bs32_s1_ql0.json reached 213s (elapsed 1099s)
[23/36] cifar10_mlp_adamq_lr0.0003_bs32_s1_qe50.json max_epochs 657s (elapsed 1426s)
[24/36] cifar10_mlp_adamq_lr0.0006_bs128_s1_qe50.json max_epochs 326s (elapsed 1426s)
[25/36] cifar10_mlp_adamq_lr0.0006_bs128_s1.json max_epochs 428s (elapsed 1472s)
[26/36] cifar10_mlp_adamq_lr0.0006_bs128_s1_ql1.json reached 63s (elapsed 1488s)
[27/36] cifar10_mlp_adamq_lr0.0006_bs128_s1_ql0.json reached 78s (elapsed 1503s)
[28/36] cifar10_mlp_adam_lr0.0012_bs512_s1.json reached 42s (elapsed 1514s)
[29/36] cifar10_mlp_adamq_lr0.0006_bs128_s1_qt0.json max_epochs 439s (elapsed 1516s)
[30/36] cifar10_mlp_adamq_lr0.0012_bs512_s1.json reached 42s (elapsed 1531s)
[31/36] cifar10_mlp_adamq_lr0.0012_bs512_s1_qe50.json reached 35s (elapsed 1549s)
[32/36] cifar10_mlp_adamq_lr0.0012_bs512_s1_ql0.json reached 38s (elapsed 1554s)
[33/36] cifar10_mlp_adamq_lr0.0012_bs512_s1_ql1.json reached 33s (elapsed 1564s)
[34/36] cifar10_mlp_adamq_lr0.0003_bs32_s1_qt0.json max_epochs 901s (elapsed 1602s)
[35/36] cifar10_mlp_adamq_lr0.0003_bs32_s1.json max_epochs 963s (elapsed 1651s)
[36/36] cifar10_mlp_adamq_lr0.0012_bs512_s1_qt0.json max_epochs 179s (elapsed 1682s)
