main_mnist_mlp: 72 runs to do
[1/72] mnist_mlp_sgd_lr0.06_bs128_s0.json reached 85s (elapsed 88s)
[2/72] mnist_mlp_sgd_lr0.03_bs32_s0.json reached 86s (elapsed 89s)
[3/72] mnist_mlp_sgd_lr0.12_bs512_s0.json reached 89s (elapsed 92s)
[4/72] mnist_mlp_sgd_lr0.02_bs128_s0.json reached 110s (elapsed 113s)
[5/72] mnist_mlp_sgd_lr0.01_bs32_s0.json reached 114s (elapsed 117s)
[6/72] mnist_mlp_sgd_lr0.04_bs512_s0.json reached 121s (elapsed 124s)
[7/72] mnist_mlp_sgdm_lr0.003_bs32_s0.json reached 87s (elapsed 175s)
[8/72] mnist_mlp_sgdm_lr0.006_bs128_s0.json reached 86s (elapsed 199s)
[9/72] mnist_mlp_sgdm_lr0.002_bs128_s0.json reached 110s (elapsed 202s)
[10/72] mnist_mlp_sgdm_lr0.001_bs32_s0.json reached 116s (elapsed 203s)
[11/72] mnist_mlp_sgdm_lr0.012_bs512_s0.json reached 89s (elapsed 213s)
[12/72] mnist_mlp_sgdm_lr0.004_bs512_s0.json reached 123s (elapsed 240s)
[13/72] mnist_mlp_adam_lr0.0006_bs128_s0.json reached 91s (elapsed 294s)
[14/72] mnist_mlp_adam_lr0.0003_bs32_s0.json reached 104s (elapsed 304s)
[15/72] mnist_mlp_adam_lr0.0002_bs128_s0.json reached 105s (elapsed 308s)
[16/72] mnist_mlp_adam_lr0.0001_bs32_s0.json reached 135s (elapsed 310s)
[17/72] mnist_mlp_adam_lr0.0004_bs512_s0.json reached 102s (elapsed 315s)
[18/72] mnist_mlp_adam_lr0.0012_bs512_s0.json reached 91s (elapsed 331s)
[19/72] mnist_mlp_sam_lr0.006_bs128_s0.json reached 92s (elapsed 402s)
[20/72] mnist_mlp_sam_lr0.003_bs32_s0.json reached 103s (elapsed 406s)
[21/72] mnist_mlp_sam_lr0.012_bs512_s0.json reached 94s (elapsed 425s)
[22/72] mnist_mlp_sam_lr0.002_bs128_s0.json reached 133s (elapsed 441s)
[23/72] mnist_mlp_sam_lr0.001_bs32_s0.json reached 160s (elapsed 454s)
[24/72] mnist_mlp_sam_lr0.004_bs512_s0.json reached 148s (elapsed 463s)
[25/72] mnist_mlp_sgd_lr0.03_bs32_s1.json reached 85s (elapsed 491s)
[26/72] mnist_mlp_sgd_lr0.01_bs32_s1.json reached 110s (elapsed 512s)
[27/72] mnist_mlp_sgd_lr0.06_bs128_s1.json reached 84s (elapsed 525s)
[28/72] mnist_mlp_sgd_lr0.02_bs128_s1.json reached 106s (elapsed 531s)
[29/72] mnist_mlp_sgd_lr0.12_bs512_s1.json reached 88s (elapsed 551s)
[30/72] mnist_mlp_sgd_lr0.04_bs512_s1.json reached 118s (elapsed 572s)
[31/72] mnist_mlp_sgdm_lr0.003_bs32_s1.json reached 91s (elapsed 603s)
[32/72] mnist_mlp_sgdm_lr0.001_bs32_s1.json reached 121s (elapsed 612s)
[33/72] mnist_mlp_sgdm_lr0.006_bs128_s1.json reached 89s (elapsed 620s)
[34/72] mnist_mlp_sgdm_lr0.002_bs128_s1.json reached 114s (elapsed 639s)
[35/72] mnist_mlp_sgdm_lr0.012_bs512_s1.json reached 94s (elapsed 666s)
[36/72] mnist_mlp_sgdm_lr0.004_bs512_s1.json reached 128s (elapsed 679s)
[37/72] mnist_mlp_adam_lr0.0003_bs32_s1.json reached 109s (elapsed 721s)
[38/72] mnist_mlp_adam_lr0.0002_bs128_s1.json reached 108s (elapsed 729s)
[39/72] mnist_mlp_adam_lr0.0006_bs128_s1.json reached 94s (elapsed 733s)
[40/72] mnist_mlp_adam_lr0.0001_bs32_s1.json reached 142s (elapsed 745s)
[41/72] mnist_mlp_adam_lr0.0004_bs512_s1.json reached 104s (elapsed 771s)
[42/72] mnist_mlp_adam_lr0.0012_bs512_s1.json reached 93s (elapsed 772s)
[43/72] mnist_mlp_sam_lr0.003_bs32_s1.json reached 113s (elapsed 842s)
[44/72] mnist_mlp_sam_lr0.006_bs128_s1.json reached 99s (elapsed 843s)
[45/72] mnist_mlp_sam_lr0.012_bs512_s1.json reached 103s (elapsed 875s)
[46/72] mnist_mlp_sam_lr0.002_bs128_s1.json reached 146s (elapsed 879s)
[47/72] mnist_mlp_sam_lr0.001_bs32_s1.json reached 176s (elapsed 897s)
[48/72] mnist_mlp_sam_lr0.004_bs512_s1.json reached 157s (elapsed 927s)
[49/72] mnist_mlp_sgd_lr0.03_bs32_s2.json reached 92s (elapsed 935s)
[50/72] mnist_mlp_sgd_lr0.01_bs32_s2.json reached 117s (elapsed 959s)
[51/72] mnist_mlp_sgd_lr0.06_bs128_s2.json reached 87s (elapsed 966s)
[52/72] mnist_mlp_sgd_lr0.02_bs128_s2.json reached 111s (elapsed 986s)
[53/72] mnist_mlp_sgd_lr0.12_bs512_s2.json reached 91s (elapsed 1018s)
[54/72] mnist_mlp_sgd_lr0.04_bs512_s2.json reached 123s (elapsed 1020s)
[55/72] mnist_mlp_sgdm_lr0.003_bs32_s2.json reached 90s (elapsed 1049s)
[56/72] mnist_mlp_sgdm_lr0.001_bs32_s2.json reached 120s (elapsed 1055s)
[57/72] mnist_mlp_sgdm_lr0.006_bs128_s2.json reached 90s (elapsed 1076s)
[58/72] mnist_mlp_sgdm_lr0.002_bs128_s2.json reached 114s (elapsed 1080s)
[59/72] mnist_mlp_sgdm_lr0.012_bs512_s2.json reached 93s (elapsed 1113s)
[60/72] mnist_mlp_sgdm_lr0.004_bs512_s2.json reached 126s (elapsed 1144s)
[61/72] mnist_mlp_adam_lr0.0003_bs32_s2.json reached 109s (elapsed 1163s)
[62/72] mnist_mlp_adam_lr0.0006_bs128_s2.json reached 94s (elapsed 1175s)
[63/72] mnist_mlp_adam_lr0.0002_bs128_s2.json reached 109s (elapsed 1186s)
[64/72] mnist_mlp_adam_lr0.0001_bs32_s2.json reached 141s (elapsed 1191s)
[65/72] mnist_mlp_adam_lr0.0004_bs512_s2.json reached 103s (elapsed 1216s)
[66/72] mnist_mlp_adam_lr0.0012_bs512_s2.json reached 95s (elapsed 1239s)
[67/72] mnist_mlp_sam_lr0.006_bs128_s2.json reached 96s (elapsed 1287s)
[68/72] mnist_mlp_sam_lr0.003_bs32_s2.json reached 112s (elapsed 1287s)
[69/72] mnist_mlp_sam_lr0.002_bs128_s2.json reached 129s (elapsed 1315s)
[70/72] mnist_mlp_sam_lr0.001_bs32_s2.json reached 156s (elapsed 1319s)
[71/72] mnist_mlp_sam_lr0.012_bs512_s2.json reached 81s (elapsed 1320s)
[72/72] mnist_mlp_sam_lr0.004_bs512_s2.json reached 116s (elapsed 1332s)
