main_cifar10_mlp: 72 runs to do
[1/72] cifar10_mlp_sgd_lr0.06_bs128_s0.json reached 275s (elapsed 277s)
[2/72] cifar10_mlp_sgd_lr0.03_bs32_s0.json reached 281s (elapsed 283s)
[3/72] cifar10_mlp_sgd_lr0.01_bs32_s0.json reached 304s (elapsed 306s)
[4/72] cifar10_mlp_sgd_lr0.12_bs512_s0.json reached 313s (elapsed 315s)
[5/72] cifar10_mlp_sgd_lr0.02_bs128_s0.json reached 328s (elapsed 330s)
[6/72] cifar10_mlp_sgd_lr0.04_bs512_s0.json reached 424s (elapsed 426s)
[7/72] cifar10_mlp_sgdm_lr0.003_bs32_s0.json reached 359s (elapsed 643s)
[8/72] cifar10_mlp_sgdm_lr0.006_bs128_s0.json reached 349s (elapsed 664s)
[9/72] cifar10_mlp_sgdm_lr0.001_bs32_s0.json reached 426s (elapsed 703s)
[10/72] cifar10_mlp_sgdm_lr0.002_bs128_s0.json reached 417s (elapsed 724s)
[11/72] cifar10_mlp_sgdm_lr0.012_bs512_s0.json reached 363s (elapsed 789s)
[12/72] cifar10_mlp_sgdm_lr0.004_bs512_s0.json reached 496s (elapsed 826s)
[13/72] cifar10_mlp_adam_lr0.0006_bs128_s0.json reached 449s (elapsed 1173s)
[14/72] cifar10_mlp_adam_lr0.0002_bs128_s0.json reached 521s (elapsed 1225s)
[15/72] cifar10_mlp_adam_lr0.0003_bs32_s0.json reached 578s (elapsed 1242s)
[16/72] cifar10_mlp_adam_lr0.0012_bs512_s0.json reached 432s (elapsed 1258s)
[17/72] cifar10_mlp_adam_lr0.0004_bs512_s0.json reached 483s (elapsed 1272s)
[18/72] cifar10_mlp_adam_lr0.0001_bs32_s0.json reached 696s (elapsed 1338s)
[19/72] cifar10_mlp_sam_lr0.006_bs128_s0.json reached 401s (elapsed 1659s)
[20/72] cifar10_mlp_sam_lr0.012_bs512_s0.json reached 414s (elapsed 1753s)
[21/72] cifar10_mlp_sam_lr0.002_bs128_s0.json reached 520s (elapsed 1762s)
[22/72] cifar10_mlp_sam_lr0.003_bs32_s0.json reached 600s (elapsed 1825s)
[23/72] cifar10_mlp_sam_lr0.004_bs512_s0.json reached 593s (elapsed 1865s)
[24/72] cifar10_mlp_sam_lr0.001_bs32_s0.json reached 693s (elapsed 1866s)
[25/72] cifar10_mlp_sgd_lr0.01_bs32_s1.json reached 333s (elapsed 1991s)
[26/72] cifar10_mlp_sgd_lr0.03_bs32_s1.json reached 309s (elapsed 2062s)
[27/72] cifar10_mlp_sgd_lr0.02_bs128_s1.json reached 341s (elapsed 2102s)
[28/72] cifar10_mlp_sgd_lr0.06_bs128_s1.json reached 289s (elapsed 2114s)
[29/72] cifar10_mlp_sgd_lr0.12_bs512_s1.json reached 335s (elapsed 2201s)
[30/72] cifar10_mlp_sgd_lr0.04_bs512_s1.json reached 421s (elapsed 2286s)
[31/72] cifar10_mlp_sgdm_lr0.001_bs32_s1.json reached 328s (elapsed 2319s)
[32/72] cifar10_mlp_sgdm_lr0.003_bs32_s1.json reached 312s (elapsed 2373s)
[33/72] cifar10_mlp_sgdm_lr0.006_bs128_s1.json reached 279s (elapsed 2392s)
[34/72] cifar10_mlp_sgdm_lr0.002_bs128_s1.json reached 332s (elapsed 2434s)
[35/72] cifar10_mlp_sgdm_lr0.012_bs512_s1.json reached 289s (elapsed 2575s)
[36/72] cifar10_mlp_sgdm_lr0.004_bs512_s1.json reached 389s (elapsed 2590s)
[37/72] cifar10_mlp_adam_lr0.0006_bs128_s1.json reached 315s (elapsed 2749s)
[38/72] cifar10_mlp_adam_lr0.0003_bs32_s1.json reached 384s (elapsed 2757s)
[39/72] cifar10_mlp_adam_lr0.0002_bs128_s1.json reached 366s (elapsed 2758s)
[40/72] cifar10_mlp_adam_lr0.0001_bs32_s1.json reached 461s (elapsed 2781s)
[41/72] cifar10_mlp_adam_lr0.0012_bs512_s1.json reached 314s (elapsed 2904s)
[42/72] cifar10_mlp_adam_lr0.0004_bs512_s1.json reached 357s (elapsed 2932s)
[43/72] cifar10_mlp_sam_lr0.006_bs128_s1.json reached 362s (elapsed 3142s)
[44/72] cifar10_mlp_sam_lr0.002_bs128_s1.json reached 464s (elapsed 3222s)
[45/72] cifar10_mlp_sam_lr0.003_bs32_s1.json reached 502s (elapsed 3259s)
[46/72] cifar10_mlp_sam_lr0.012_bs512_s1.json reached 363s (elapsed 3295s)
[47/72] cifar10_mlp_sam_lr0.001_bs32_s1.json reached 578s (elapsed 3327s)
[48/72] cifar10_mlp_sam_lr0.004_bs512_s1.json reached 528s (elapsed 3432s)
[49/72] cifar10_mlp_sgd_lr0.01_bs32_s2.json reached 307s (elapsed 3450s)
[50/72] cifar10_mlp_sgd_lr0.03_bs32_s2.json reached 292s (elapsed 3514s)
[51/72] cifar10_mlp_sgd_lr0.06_bs128_s2.json reached 279s (elapsed 3574s)
[52/72] cifar10_mlp_sgd_lr0.02_bs128_s2.json reached 332s (elapsed 3591s)
[53/72] cifar10_mlp_sgd_lr0.04_bs512_s2.json reached 412s (elapsed 3739s)
[54/72] cifar10_mlp_sgd_lr0.12_bs512_s2.json reached 323s (elapsed 3755s)
[55/72] cifar10_mlp_sgdm_lr0.001_bs32_s2.json reached 330s (elapsed 3780s)
[56/72] cifar10_mlp_sgdm_lr0.003_bs32_s2.json reached 310s (elapsed 3823s)
[57/72] cifar10_mlp_sgdm_lr0.006_bs128_s2.json reached 273s (elapsed 3864s)
[58/72] cifar10_mlp_sgdm_lr0.002_bs128_s2.json reached 327s (elapsed 3900s)
[59/72] cifar10_mlp_sgdm_lr0.012_bs512_s2.json reached 282s (elapsed 4037s)
[60/72] cifar10_mlp_sgdm_lr0.004_bs512_s2.json reached 380s (elapsed 4119s)
[61/72] cifar10_mlp_adam_lr0.0003_bs32_s2.json reached 372s (elapsed 4196s)
[62/72] cifar10_mlp_adam_lr0.0006_bs128_s2.json reached 317s (elapsed 4217s)
[63/72] cifar10_mlp_adam_lr0.0002_bs128_s2.json reached 357s (elapsed 4221s)
[64/72] cifar10_mlp_adam_lr0.0001_bs32_s2.json reached 451s (elapsed 4231s)
[65/72] cifar10_mlp_adam_lr0.0004_bs512_s2.json reached 349s (elapsed 4386s)
[66/72] cifar10_mlp_adam_lr0.0012_bs512_s2.json reached 311s (elapsed 4429s)
[67/72] cifar10_mlp_sam_lr0.006_bs128_s2.json reached 351s (elapsed 4582s)
[68/72] cifar10_mlp_sam_lr0.002_bs128_s2.json reached 439s (elapsed 4660s)
[69/72] cifar10_mlp_sam_lr0.003_bs32_s2.json reached 488s (elapsed 4705s)
[70/72] cifar10_mlp_sam_lr0.001_bs32_s2.json reached 526s (elapsed 4722s)
[71/72] cifar10_mlp_sam_lr0.012_bs512_s2.json reached 299s (elapsed 4729s)
[72/72] cifar10_mlp_sam_lr0.004_bs512_s2.json reached 373s (elapsed 4760s)
