orig_replication: 20 runs to do
[1/20] mnist_mlp_sgd_lr0.01_bs64_s2_raw_full.json max_epochs 53s (elapsed 56s)
[2/20] mnist_mlp_sgd_lr0.01_bs64_s0_raw_full.json max_epochs 54s (elapsed 56s)
[3/20] mnist_mlp_sgd_lr0.01_bs64_s1_raw_full.json max_epochs 54s (elapsed 57s)
[4/20] mnist_mlp_adam_lr0.001_bs64_s2_raw_full.json max_epochs 89s (elapsed 92s)
[5/20] mnist_mlp_adam_lr0.001_bs64_s1_raw_full.json max_epochs 91s (elapsed 93s)
[6/20] mnist_mlp_adam_lr0.001_bs64_s0_raw_full.json max_epochs 92s (elapsed 95s)
[7/20] mnist_mlp_sgd_lr0.01_bs64_s3_raw_full.json max_epochs 57s (elapsed 113s)
[8/20] mnist_mlp_sgd_lr0.01_bs64_s4_raw_full.json max_epochs 57s (elapsed 114s)
[9/20] mnist_mlp_adam_lr0.001_bs64_s3_raw_full.json max_epochs 102s (elapsed 158s)
[10/20] mnist_mlp_adam_lr0.001_bs64_s4_raw_full.json max_epochs 108s (elapsed 200s)
[11/20] cifar10_mlp_sgd_lr0.01_bs64_s0_raw_full.json max_epochs 132s (elapsed 226s)
[12/20] cifar10_mlp_sgd_lr0.01_bs64_s1_raw_full.json max_epochs 130s (elapsed 243s)
[13/20] cifar10_mlp_sgd_lr0.01_bs64_s2_raw_full.json max_epochs 130s (elapsed 288s)
[14/20] cifar10_mlp_sgd_lr0.01_bs64_s3_raw_full.json max_epochs 120s (elapsed 346s)
[15/20] cifar10_mlp_adam_lr0.001_bs64_s0_raw_full.json max_epochs 268s (elapsed 363s)
[16/20] cifar10_mlp_adam_lr0.001_bs64_s1_raw_full.json max_epochs 260s (elapsed 374s)
[17/20] cifar10_mlp_sgd_lr0.01_bs64_s4_raw_full.json max_epochs 111s (elapsed 399s)
[18/20] cifar10_mlp_adam_lr0.001_bs64_s2_raw_full.json max_epochs 228s (elapsed 428s)
[19/20] cifar10_mlp_adam_lr0.001_bs64_s3_raw_full.json max_epochs 200s (elapsed 443s)
[20/20] cifar10_mlp_adam_lr0.001_bs64_s4_raw_full.json max_epochs 134s (elapsed 480s)
